\BOOKMARK [0][-]{section*.2}{\376\377\000Q\000u\000a\000r\000k\000\040\000M\000i\000x\000i\000n\000g\000\040\000f\000r\000o\000m\000\040\000H\000y\000p\000e\000r\000b\000o\000l\000i\000c\000\040\000G\000e\000o\000m\000e\000t\000r\000y\000:\000\040\000T\000h\000e\000\040\000C\000K\000M\000\040\000M\000a\000t\000r\000i\000x\000\040\000f\000r\000o\000m\000\040\000G\000e\000o\000d\000e\000s\000i\000c\000s\000\040\000o\000n\000\040\000a\000\040\000C\000o\000m\000p\000a\000c\000t\000\040\0003\000-\000M\000a\000n\000i\000f\000o\000l\000d}{}% 2
\BOOKMARK [1][-]{section*.1}{\376\377\000A\000b\000s\000t\000r\000a\000c\000t}{section*.2}% 1
\BOOKMARK [1][-]{section*.3}{\376\377\000I\000n\000t\000r\000o\000d\000u\000c\000t\000i\000o\000n}{section*.2}% 3
\BOOKMARK [1][-]{section*.4}{\376\377\000T\000h\000e\000o\000r\000e\000t\000i\000c\000a\000l\000\040\000F\000r\000a\000m\000e\000w\000o\000r\000k}{section*.2}% 4
\BOOKMARK [2][-]{section*.5}{\376\377\000H\000y\000p\000e\000r\000b\000o\000l\000i\000c\000\040\0003\000-\000M\000a\000n\000i\000f\000o\000l\000d\000s\000\040\000a\000n\000d\000\040\000T\000h\000e\000i\000r\000\040\000G\000e\000o\000d\000e\000s\000i\000c\000s}{section*.4}% 5
\BOOKMARK [2][-]{section*.6}{\376\377\000B\000o\000u\000n\000d\000a\000r\000y\000-\000L\000o\000c\000a\000l\000i\000z\000e\000d\000\040\000S\000t\000a\000t\000e\000s\000\040\000a\000n\000d\000\040\000O\000v\000e\000r\000l\000a\000p\000\040\000M\000a\000t\000r\000i\000c\000e\000s}{section*.4}% 6
\BOOKMARK [2][-]{section*.7}{\376\377\000C\000o\000n\000s\000t\000r\000u\000c\000t\000i\000o\000n\000\040\000o\000f\000\040\000t\000h\000e\000\040\000M\000i\000x\000i\000n\000g\000\040\000M\000a\000t\000r\000i\000x}{section*.4}% 7
\BOOKMARK [1][-]{section*.8}{\376\377\000N\000u\000m\000e\000r\000i\000c\000a\000l\000\040\000R\000e\000s\000u\000l\000t\000s}{section*.2}% 8
\BOOKMARK [2][-]{section*.9}{\376\377\000M\000a\000n\000i\000f\000o\000l\000d\000\040\000S\000e\000a\000r\000c\000h\000\040\000M\000e\000t\000h\000o\000d\000o\000l\000o\000g\000y}{section*.8}% 9
\BOOKMARK [2][-]{section*.10}{\376\377\000T\000h\000e\000\040\000O\000p\000t\000i\000m\000a\000l\000\040\000M\000a\000n\000i\000f\000o\000l\000d\000:\000\040\000m\0000\0000\0006}{section*.8}% 10
\BOOKMARK [2][-]{section*.11}{\376\377\000T\000h\000e\000\040\000T\000h\000r\000e\000e\000\040\000G\000e\000n\000e\000r\000a\000t\000i\000o\000n\000s}{section*.8}% 11
\BOOKMARK [2][-]{section*.12}{\376\377\000C\000o\000m\000p\000a\000r\000i\000s\000o\000n\000\040\000w\000i\000t\000h\000\040\000t\000h\000e\000\040\000C\000K\000M\000\040\000M\000a\000t\000r\000i\000x}{section*.8}% 12
\BOOKMARK [2][-]{section*.13}{\376\377\000R\000o\000b\000u\000s\000t\000n\000e\000s\000s\000\040\000a\000n\000d\000\040\000P\000a\000r\000a\000m\000e\000t\000e\000r\000\040\000S\000e\000n\000s\000i\000t\000i\000v\000i\000t\000y}{section*.8}% 13
\BOOKMARK [1][-]{section*.14}{\376\377\000P\000h\000y\000s\000i\000c\000a\000l\000\040\000I\000n\000t\000e\000r\000p\000r\000e\000t\000a\000t\000i\000o\000n}{section*.2}% 14
\BOOKMARK [2][-]{section*.15}{\376\377\000T\000h\000e\000\040\000C\000a\000b\000i\000b\000b\000o\000\040\000A\000n\000g\000l\000e\000\040\000f\000r\000o\000m\000\040\000G\000e\000o\000m\000e\000t\000r\000y}{section*.14}% 15
\BOOKMARK [2][-]{section*.16}{\376\377\000T\000h\000e\000\040\000M\000i\000x\000i\000n\000g\000\040\000H\000i\000e\000r\000a\000r\000c\000h\000y}{section*.14}% 16
\BOOKMARK [2][-]{section*.17}{\376\377\000C\000P\000\040\000V\000i\000o\000l\000a\000t\000i\000o\000n\000:\000\040\000C\000u\000r\000r\000e\000n\000t\000\040\000S\000t\000a\000t\000u\000s}{section*.14}% 17
\BOOKMARK [1][-]{section*.18}{\376\377\000D\000i\000s\000c\000u\000s\000s\000i\000o\000n}{section*.2}% 18
\BOOKMARK [2][-]{section*.19}{\376\377\000C\000o\000m\000p\000a\000r\000i\000s\000o\000n\000\040\000w\000i\000t\000h\000\040\000O\000t\000h\000e\000r\000\040\000A\000p\000p\000r\000o\000a\000c\000h\000e\000s}{section*.18}% 19
\BOOKMARK [2][-]{section*.20}{\376\377\000W\000h\000y\000\040\000m\0000\0000\0006\000?}{section*.18}% 20
\BOOKMARK [2][-]{section*.21}{\376\377\000S\000t\000a\000t\000i\000s\000t\000i\000c\000a\000l\000\040\000v\000a\000l\000i\000d\000a\000t\000i\000o\000n\000\040\000a\000g\000a\000i\000n\000s\000t\000\040\000p\000h\000y\000s\000i\000c\000a\000l\000l\000y\000\040\000m\000o\000t\000i\000v\000a\000t\000e\000d\000\040\000n\000u\000l\000l}{section*.18}% 21
\BOOKMARK [2][-]{section*.22}{\376\377\000P\000r\000e\000d\000i\000c\000t\000i\000o\000n\000s\000\040\000a\000n\000d\000\040\000F\000a\000l\000s\000i\000f\000i\000a\000b\000i\000l\000i\000t\000y}{section*.18}% 22
\BOOKMARK [1][-]{section*.23}{\376\377\000C\000o\000n\000c\000l\000u\000s\000i\000o\000n}{section*.2}% 23
\BOOKMARK [1][-]{section*.24}{\376\377\000A\000c\000k\000n\000o\000w\000l\000e\000d\000g\000m\000e\000n\000t\000s}{section*.2}% 24
\BOOKMARK [1][-]{section*.25}{\376\377\000R\000e\000f\000e\000r\000e\000n\000c\000e\000s}{section*.2}% 25
